Microchip MPLAB XC8 Compiler V1.44 ()

Linker command line:

-W-3 --edf=C:\Program Files (x86)\Microchip\xc8\v1.44\dat\en_msgs.txt -cs \
  -h+dist/default/production\LAB1_LCD_XC8.X.production.sym \
  --cmf=dist/default/production\LAB1_LCD_XC8.X.production.cmf -z -Q18F452 \
  -oC:\Users\user1\AppData\Local\Temp\sblg.2 \
  -Mdist/default/production/LAB1_LCD_XC8.X.production.map -E1 -ver=XC8 \
  -ASTACK=080h-05ffh -pstack=STACK -ACODE=00h-03FFFhx2 -ACONST=00h-07FFFh \
  -ASMALLCONST=0600h-06FFhx122 -AMEDIUMCONST=0600h-07FFFh -ACOMRAM=01h-07Fh \
  -AABS1=00h-05FFh -ABIGRAM=01h-05FFh -ARAM=080h-0FFh,0100h-01FFhx5 \
  -ABANK0=080h-0FFh -ABANK1=0100h-01FFh -ABANK2=0200h-02FFh \
  -ABANK3=0300h-03FFh -ABANK4=0400h-04FFh -ABANK5=0500h-05FFh \
  -ASFR=0F80h-0FFFh -preset_vec=00h,intcode,intcodelo,powerup,init \
  -pramtop=0600h -psmallconst=SMALLCONST -pmediumconst=MEDIUMCONST \
  -pconst=CONST -AFARRAM=00h-00h -ACONFIG=0300000h-030000Dh -pconfig=CONFIG \
  -AIDLOC=0200000h-0200007h -pidloc=IDLOC -AEEDATA=0F00000h-0F000FFh \
  -peeprom_data=EEDATA \
  -prdata=COMRAM,nvrram=COMRAM,nvbit=COMRAM,rbss=COMRAM,rbit=COMRAM \
  -pfarbss=FARRAM,fardata=FARRAM,nvFARRAM=FARRAM \
  -pintsave_regs=BIGRAM,bigbss=BIGRAM,bigdata=BIGRAM -pbss=RAM \
  -pidata=CODE,irdata=CODE,ibigdata=CODE,ifardata=CODE -prparam=COMRAM \
  C:\Users\user1\AppData\Local\Temp\sblg.obj \
  dist/default/production\LAB1_LCD_XC8.X.production.obj 

Object code version is 3.11

Machine type is 18F452

Call graph: (short form)




                Name                               Link     Load   Length Selector   Space Scale
C:\Users\user1\AppData\Local\Temp\sblg.obj
                text                                80E      80E        2      307       0
                init                                  2        2        4        0       0
                reset_vec                             0        0        2        0       0
                idloc                            200000   200000        8   200000       0
                config                           300000   300000        E   300000       0
dist/default/production\LAB1_LCD_XC8.X.production.obj
                smallconst                          600      600        E      300       0
                text6                               738      738       40      307       0
                text5                               7DA      7DA       26      307       0
                text4                               60E      60E       7A      307       0
                text3                               6E0      6E0       58      307       0
                text2                               778      778       3C      307       0
                text1                               688      688       58      307       0
                text0                               7B4      7B4       26      307       0
                cstackCOMRAM                          1        1        A        1       1
                cinit                               800      800        E      307       0

TOTAL           Name                               Link     Load   Length     Space
        CLASS   STACK          

        CLASS   CODE           
                text                                80E      80E        2         0
                init                                  2        2        4         0
                reset_vec                             0        0        2         0
                text6                               738      738       40         0
                text5                               7DA      7DA       26         0
                text4                               60E      60E       7A         0
                text3                               6E0      6E0       58         0
                text2                               778      778       3C         0
                text1                               688      688       58         0
                text0                               7B4      7B4       26         0
                cinit                               800      800        E         0

        CLASS   CONST          

        CLASS   SMALLCONST     
                smallconst                          600      600        E         0

        CLASS   MEDIUMCONST    

        CLASS   COMRAM         
                cstackCOMRAM                          1        1        A         1

        CLASS   ABS1           

        CLASS   BIGRAM         

        CLASS   RAM            

        CLASS   BANK0          

        CLASS   BANK1          

        CLASS   BANK2          

        CLASS   BANK3          

        CLASS   BANK4          

        CLASS   BANK5          

        CLASS   SFR            

        CLASS   FARRAM         

        CLASS   CONFIG         
                config                           300000   300000        E         0

        CLASS   IDLOC          
                idloc                            200000   200000        8         0

        CLASS   EEDATA         



SEGMENTS        Name                           Load    Length   Top    Selector   Space  Class

                reset_vec                      000000  000006  000006         0       0  CODE    
                cstackCOMRAM                   000001  00000A  00000B         1       1  COMRAM  
                smallconst                     000600  00000E  00060E       300       0  SMALLCON
                text4                          00060E  000202  000810       307       0  CODE    
                idloc                          200000  000008  200008    200000       0  IDLOC   
                config                         300000  00000E  30000E    300000       0  CONFIG  


UNUSED ADDRESS RANGES

        Name                Unused          Largest block    Delta
        BANK0            000080-0000FF               80
        BANK1            000100-0001FF              100
        BANK2            000200-0002FF              100
        BANK3            000300-0003FF              100
        BANK4            000400-0004FF              100
        BANK5            000500-0005FF              100
        BIGRAM           00000B-0005FF              5F5
        CODE             000006-0005FF              5FA
                         000810-007FFF             37F0
        COMRAM           00000B-00007F               75
        CONST            000006-0005FF              5FA
                         000810-007FFF             77F0
        EEDATA           F00000-F000FF              100
        MEDIUMCONST      000810-007FFF             77F0
        RAM              000080-0005FF              100
        SFR              000F80-000FFF               80
        SMALLCONST       000810-007FFF              100
        STACK            000080-0005FF              580

                                  Symbol Table

Lcd_Cmd@a                                                            cstackCOMRAM 000003
Lcd_Port@a                                                           cstackCOMRAM 000001
Lcd_Set_Cursor@a                                                     cstackCOMRAM 000005
Lcd_Set_Cursor@b                                                     cstackCOMRAM 000004
Lcd_Set_Cursor@temp                                                  cstackCOMRAM 000008
Lcd_Set_Cursor@y                                                     cstackCOMRAM 000007
Lcd_Set_Cursor@z                                                     cstackCOMRAM 000006
Lcd_Write_Char@a                                                     cstackCOMRAM 000004
Lcd_Write_Char@temp                                                  cstackCOMRAM 000002
Lcd_Write_Char@y                                                     cstackCOMRAM 000003
Lcd_Write_String@a                                                   cstackCOMRAM 000005
Lcd_Write_String@i                                                   cstackCOMRAM 000009
_Lcd_Cmd                                                             text5        0007DA
_Lcd_Init                                                            text4        00060E
_Lcd_Port                                                            text6        000738
_Lcd_Set_Cursor                                                      text3        0006E0
_Lcd_Write_Char                                                      text2        000778
_Lcd_Write_String                                                    text1        000688
_RD0                                                                 (abs)        007C18
_RD1                                                                 (abs)        007C19
_RD4                                                                 (abs)        007C1C
_RD5                                                                 (abs)        007C1D
_RD6                                                                 (abs)        007C1E
_RD7                                                                 (abs)        007C1F
_TRISD                                                               (abs)        000F95
__CFG_CPD$OFF                                                        (abs)        000000
__CFG_LVP$OFF                                                        (abs)        000000
__HRAM                                                               (abs)        000000
__Habs1                                                              abs1         000000
__Hbank0                                                             bank0        000000
__Hbank1                                                             bank1        000000
__Hbank2                                                             bank2        000000
__Hbank3                                                             bank3        000000
__Hbank4                                                             bank4        000000
__Hbank5                                                             bank5        000000
__Hbigbss                                                            bigbss       000000
__Hbigdata                                                           bigdata      000000
__Hbigram                                                            bigram       000000
__Hbss                                                               bss          000000
__Hcinit                                                             cinit        000000
__Hclrtext                                                           clrtext      000000
__Hcomram                                                            comram       000000
__Hconfig                                                            config       30000E
__Hconst                                                             const        000000
__HcstackCOMRAM                                                      cstackCOMRAM 000000
__Hdata                                                              data         000000
__Heeprom_data                                                       eeprom_data  000000
__Hfarbss                                                            farbss       000000
__Hfardata                                                           fardata      000000
__Hibigdata                                                          ibigdata     000000
__Hidata                                                             idata        000000
__Hidloc                                                             idloc        200008
__Hifardata                                                          ifardata     000000
__Hinit                                                              init         000006
__Hintcode                                                           intcode      000002
__Hintcode_body                                                      intcode_body 000000
__Hintcodelo                                                         intcodelo    000002
__Hintentry                                                          intentry     000000
__Hintret                                                            intret       000000
__Hintsave_regs                                                      intsave_regs 000000
__Hirdata                                                            irdata       000000
__Hmediumconst                                                       mediumconst  000000
__HnvFARRAM                                                          nvFARRAM     000000
__Hnvbit                                                             nvbit        000000
__Hnvrram                                                            nvrram       000000
__Hparam                                                             rparam       000000
__Hpowerup                                                           powerup      000002
__Hram                                                               ram          000000
__Hramtop                                                            ramtop       000600
__Hrbit                                                              rbit         000000
__Hrbss                                                              rbss         000000
__Hrdata                                                             rdata        000000
__Hreset_vec                                                         reset_vec    000002
__Hrparam                                                            rparam       000000
__Hsfr                                                               sfr          000000
__Hsmallconst                                                        smallconst   00060E
__Hspace_0                                                           (abs)        30000E
__Hspace_1                                                           (abs)        00000B
__Hspace_2                                                           (abs)        000000
__Hstack                                                             stack        000000
__Hstruct                                                            struct       000000
__Htemp                                                              temp         000000
__Htext                                                              text         000000
__Htext0                                                             text0        000000
__Htext1                                                             text1        000000
__Htext2                                                             text2        000000
__Htext3                                                             text3        000000
__Htext4                                                             text4        000000
__Htext5                                                             text5        000000
__Htext6                                                             text6        000000
__LRAM                                                               (abs)        000001
__Labs1                                                              abs1         000000
__Lbank0                                                             bank0        000000
__Lbank1                                                             bank1        000000
__Lbank2                                                             bank2        000000
__Lbank3                                                             bank3        000000
__Lbank4                                                             bank4        000000
__Lbank5                                                             bank5        000000
__Lbigbss                                                            bigbss       000000
__Lbigdata                                                           bigdata      000000
__Lbigram                                                            bigram       000000
__Lbss                                                               bss          000000
__Lcinit                                                             cinit        000000
__Lclrtext                                                           clrtext      000000
__Lcomram                                                            comram       000000
__Lconfig                                                            config       300000
__Lconst                                                             const        000000
__LcstackCOMRAM                                                      cstackCOMRAM 000000
__Ldata                                                              data         000000
__Leeprom_data                                                       eeprom_data  000000
__Lfarbss                                                            farbss       000000
__Lfardata                                                           fardata      000000
__Libigdata                                                          ibigdata     000000
__Lidata                                                             idata        000000
__Lidloc                                                             idloc        200000
__Lifardata                                                          ifardata     000000
__Linit                                                              init         000002
__Lintcode                                                           intcode      000002
__Lintcode_body                                                      intcode_body 000000
__Lintcodelo                                                         intcodelo    000002
__Lintentry                                                          intentry     000000
__Lintret                                                            intret       000000
__Lintsave_regs                                                      intsave_regs 000000
__Lirdata                                                            irdata       000000
__Lmediumconst                                                       mediumconst  000000
__LnvFARRAM                                                          nvFARRAM     000000
__Lnvbit                                                             nvbit        000000
__Lnvrram                                                            nvrram       000000
__Lparam                                                             rparam       000000
__Lpowerup                                                           powerup      000002
__Lram                                                               ram          000000
__Lramtop                                                            ramtop       000600
__Lrbit                                                              rbit         000000
__Lrbss                                                              rbss         000000
__Lrdata                                                             rdata        000000
__Lreset_vec                                                         reset_vec    000000
__Lrparam                                                            rparam       000000
__Lsfr                                                               sfr          000000
__Lsmallconst                                                        smallconst   000600
__Lspace_0                                                           (abs)        000000
__Lspace_1                                                           (abs)        000000
__Lspace_2                                                           (abs)        000000
__Lstack                                                             stack        000000
__Lstruct                                                            struct       000000
__Ltemp                                                              temp         000000
__Ltext                                                              text         000000
__Ltext0                                                             text0        000000
__Ltext1                                                             text1        000000
__Ltext2                                                             text2        000000
__Ltext3                                                             text3        000000
__Ltext4                                                             text4        000000
__Ltext5                                                             text5        000000
__Ltext6                                                             text6        000000
__S0                                                                 (abs)        30000E
__S1                                                                 (abs)        00000B
__S2                                                                 (abs)        000000
___inthi_sp                                                          stack        000000
___intlo_sp                                                          stack        000000
___param_bank                                                        (abs)        000000
___rparam_used                                                       (abs)        000001
___sp                                                                stack        000000
__accesstop                                                          (abs)        000080
__activetblptr                                                       (abs)        000001
__cntErrataNOP_C:\Users\user1\AppData\Local\Temp\sblg.obj            (abs)        000001
__cntErrataNOP_dist/default/production\LAB1_LCD_XC8.X.production.obj (abs)        000021
__end_of_Lcd_Cmd                                                     text5        000800
__end_of_Lcd_Init                                                    text4        000688
__end_of_Lcd_Port                                                    text6        000778
__end_of_Lcd_Set_Cursor                                              text3        000738
__end_of_Lcd_Write_Char                                              text2        0007B4
__end_of_Lcd_Write_String                                            text1        0006E0
__end_of__initialization                                             cinit        000800
__end_of_main                                                        text0        0007DA
__initialization                                                     cinit        000800
__mediumconst                                                        mediumconst  000000
__pcinit                                                             cinit        000800
__pcstackCOMRAM                                                      cstackCOMRAM 000001
__psmallconst                                                        smallconst   000600
__ptext0                                                             text0        0007B4
__ptext1                                                             text1        000688
__ptext2                                                             text2        000778
__ptext3                                                             text3        0006E0
__ptext4                                                             text4        00060E
__ptext5                                                             text5        0007DA
__ptext6                                                             text6        000738
__ramtop                                                             ramtop       000600
__size_of_Lcd_Cmd                                                    (abs)        000000
__size_of_Lcd_Init                                                   (abs)        000000
__size_of_Lcd_Port                                                   (abs)        000000
__size_of_Lcd_Set_Cursor                                             (abs)        000000
__size_of_Lcd_Write_Char                                             (abs)        000000
__size_of_Lcd_Write_String                                           (abs)        000000
__size_of_main                                                       (abs)        000000
__smallconst                                                         smallconst   000600
_main                                                                text0        0007B4
end_of_initialization                                                cinit        000800
intlevel0                                                            text         00080E
intlevel1                                                            text         00080E
intlevel2                                                            text         00080E
intlevel3                                                            text         00080E
stackhi                                                              (abs)        0005FF
stacklo                                                              (abs)        000080
start                                                                init         000002
start_initialization                                                 cinit        000800


FUNCTION INFORMATION:

 *************** function _main *****************
 Defined at:
		line 24 in file "../LAB1_LCD_XC8.X/lab1_lcd_xc8.c"
 Parameters:    Size  Location     Type
		None
 Auto vars:     Size  Location     Type
  a               2    0        unsigned int 
 Return value:  Size  Location     Type
                  2   61[None  ] int 
 Registers used:
		wreg, status,2, status,0, tblptrl, tblptrh, tblptru, cstack
 Tracked objects:
		On entry : 
		On exit  : 
		Unchanged: 
 Data sizes:     COMRAM   BANK0   BANK1   BANK2   BANK3   BANK4   BANK5
      Params:         0       0       0       0       0       0       0
      Locals:         0       0       0       0       0       0       0
      Temps:          0       0       0       0       0       0       0
      Totals:         0       0       0       0       0       0       0
Total ram usage:        0 bytes
 Hardware stack levels required when called:    3
 This function calls:
		_Lcd_Init
		_Lcd_Set_Cursor
		_Lcd_Write_String
 This function is called by:
		Startup code after reset
 This function uses a non-reentrant model


 *************** function _Lcd_Write_String *****************
 Defined at:
		line 97 in file "../LAB1_LCD_XC8.X/lcd.h"
 Parameters:    Size  Location     Type
  a               2    4[COMRAM] PTR unsigned char 
		 -> STR_1(12), 
 Auto vars:     Size  Location     Type
  i               2    8[COMRAM] int 
 Return value:  Size  Location     Type
                  1    wreg      void 
 Registers used:
		wreg, status,2, status,0, tblptrl, tblptrh, tblptru, cstack
 Tracked objects:
		On entry : 
		On exit  : 
		Unchanged: 
 Data sizes:     COMRAM   BANK0   BANK1   BANK2   BANK3   BANK4   BANK5
      Params:         2       0       0       0       0       0       0
      Locals:         2       0       0       0       0       0       0
      Temps:          2       0       0       0       0       0       0
      Totals:         6       0       0       0       0       0       0
Total ram usage:        6 bytes
 Hardware stack levels used:    1
 Hardware stack levels required when called:    2
 This function calls:
		_Lcd_Write_Char
 This function is called by:
		_main
 This function uses a non-reentrant model


 *************** function _Lcd_Write_Char *****************
 Defined at:
		line 81 in file "../LAB1_LCD_XC8.X/lcd.h"
 Parameters:    Size  Location     Type
  a               1    wreg     unsigned char 
 Auto vars:     Size  Location     Type
  a               1    3[COMRAM] unsigned char 
  y               1    2[COMRAM] unsigned char 
  temp            1    1[COMRAM] unsigned char 
 Return value:  Size  Location     Type
                  1    wreg      void 
 Registers used:
		wreg, status,2, status,0, cstack
 Tracked objects:
		On entry : 
		On exit  : 
		Unchanged: 
 Data sizes:     COMRAM   BANK0   BANK1   BANK2   BANK3   BANK4   BANK5
      Params:         0       0       0       0       0       0       0
      Locals:         3       0       0       0       0       0       0
      Temps:          0       0       0       0       0       0       0
      Totals:         3       0       0       0       0       0       0
Total ram usage:        3 bytes
 Hardware stack levels used:    1
 Hardware stack levels required when called:    1
 This function calls:
		_Lcd_Port
 This function is called by:
		_Lcd_Write_String
 This function uses a non-reentrant model


 *************** function _Lcd_Set_Cursor *****************
 Defined at:
		line 41 in file "../LAB1_LCD_XC8.X/lcd.h"
 Parameters:    Size  Location     Type
  a               1    wreg     unsigned char 
  b               1    3[COMRAM] unsigned char 
 Auto vars:     Size  Location     Type
  a               1    4[COMRAM] unsigned char 
  temp            1    7[COMRAM] unsigned char 
  y               1    6[COMRAM] unsigned char 
  z               1    5[COMRAM] unsigned char 
 Return value:  Size  Location     Type
                  1    wreg      void 
 Registers used:
		wreg, status,2, status,0, cstack
 Tracked objects:
		On entry : 
		On exit  : 
		Unchanged: 
 Data sizes:     COMRAM   BANK0   BANK1   BANK2   BANK3   BANK4   BANK5
      Params:         1       0       0       0       0       0       0
      Locals:         4       0       0       0       0       0       0
      Temps:          0       0       0       0       0       0       0
      Totals:         5       0       0       0       0       0       0
Total ram usage:        5 bytes
 Hardware stack levels used:    1
 Hardware stack levels required when called:    2
 This function calls:
		_Lcd_Cmd
 This function is called by:
		_main
 This function uses a non-reentrant model


 *************** function _Lcd_Init *****************
 Defined at:
		line 62 in file "../LAB1_LCD_XC8.X/lcd.h"
 Parameters:    Size  Location     Type
		None
 Auto vars:     Size  Location     Type
		None
 Return value:  Size  Location     Type
                  1    wreg      void 
 Registers used:
		wreg, status,2, cstack
 Tracked objects:
		On entry : 
		On exit  : 
		Unchanged: 
 Data sizes:     COMRAM   BANK0   BANK1   BANK2   BANK3   BANK4   BANK5
      Params:         0       0       0       0       0       0       0
      Locals:         0       0       0       0       0       0       0
      Temps:          1       0       0       0       0       0       0
      Totals:         1       0       0       0       0       0       0
Total ram usage:        1 bytes
 Hardware stack levels used:    1
 Hardware stack levels required when called:    2
 This function calls:
		_Lcd_Cmd
		_Lcd_Port
 This function is called by:
		_main
 This function uses a non-reentrant model


 *************** function _Lcd_Cmd *****************
 Defined at:
		line 26 in file "../LAB1_LCD_XC8.X/lcd.h"
 Parameters:    Size  Location     Type
  a               1    wreg     unsigned char 
 Auto vars:     Size  Location     Type
  a               1    2[COMRAM] unsigned char 
 Return value:  Size  Location     Type
                  1    wreg      void 
 Registers used:
		wreg, status,2, cstack
 Tracked objects:
		On entry : 
		On exit  : 
		Unchanged: 
 Data sizes:     COMRAM   BANK0   BANK1   BANK2   BANK3   BANK4   BANK5
      Params:         0       0       0       0       0       0       0
      Locals:         1       0       0       0       0       0       0
      Temps:          1       0       0       0       0       0       0
      Totals:         2       0       0       0       0       0       0
Total ram usage:        2 bytes
 Hardware stack levels used:    1
 Hardware stack levels required when called:    1
 This function calls:
		_Lcd_Port
 This function is called by:
		_Lcd_Set_Cursor
		_Lcd_Init
		_Lcd_Clear
		_Lcd_Shift_Right
		_Lcd_Shift_Left
 This function uses a non-reentrant model


 *************** function _Lcd_Port *****************
 Defined at:
		line 4 in file "../LAB1_LCD_XC8.X/lcd.h"
 Parameters:    Size  Location     Type
  a               1    wreg     unsigned char 
 Auto vars:     Size  Location     Type
  a               1    0[COMRAM] unsigned char 
 Return value:  Size  Location     Type
                  1    wreg      void 
 Registers used:
		wreg
 Tracked objects:
		On entry : 
		On exit  : 
		Unchanged: 
 Data sizes:     COMRAM   BANK0   BANK1   BANK2   BANK3   BANK4   BANK5
      Params:         0       0       0       0       0       0       0
      Locals:         1       0       0       0       0       0       0
      Temps:          0       0       0       0       0       0       0
      Totals:         1       0       0       0       0       0       0
Total ram usage:        1 bytes
 Hardware stack levels used:    1
 This function calls:
		Nothing
 This function is called by:
		_Lcd_Cmd
		_Lcd_Init
		_Lcd_Write_Char
 This function uses a non-reentrant model



MODULE INFORMATION

Module		Function		Class		Link	Load	Size
../LAB1_LCD_XC8.X/lcd.h
		_Lcd_Write_String		CODE           	0688	0000	89
		_Lcd_Init      		CODE           	060E	0000	123
		_Lcd_Write_Char		CODE           	0778	0000	61
		_Lcd_Cmd       		CODE           	07DA	0000	39
		_Lcd_Set_Cursor		CODE           	06E0	0000	89
		_Lcd_Port      		CODE           	0738	0000	65

../LAB1_LCD_XC8.X/lcd.h estimated size: 466

shared
		__initialization		CODE           	0800	0000	1

shared estimated size: 1

../LAB1_LCD_XC8.X/lab1_lcd_xc8.c
		_main          		CODE           	07B4	0000	39

../LAB1_LCD_XC8.X/lab1_lcd_xc8.c estimated size: 39

